---
source: cfsp/tests/class_parse.rs
expression: "to_class(&mut cursor, ParsingOption::default().skip_attribute()).unwrap()"
---
java_version: V17
constant_pool_count: 68
constant_pool:
  len: 68
  entries:
    - MethodRef:
        class_index: 2
        name_and_type_index: 3
    - Class:
        name_index: 4
    - NameAndType:
        name_index: 5
        type_index: 6
    - Utf8:
        length: 16
        bytes:
          - 106
          - 97
          - 118
          - 97
          - 47
          - 108
          - 97
          - 110
          - 103
          - 47
          - 79
          - 98
          - 106
          - 101
          - 99
          - 116
    - Utf8:
        length: 6
        bytes:
          - 60
          - 105
          - 110
          - 105
          - 116
          - 62
    - Utf8:
        length: 3
        bytes:
          - 40
          - 41
          - 86
    - FieldRef:
        class_index: 8
        name_and_type_index: 9
    - Class:
        name_index: 10
    - NameAndType:
        name_index: 11
        type_index: 12
    - Utf8:
        length: 16
        bytes:
          - 106
          - 97
          - 118
          - 97
          - 47
          - 108
          - 97
          - 110
          - 103
          - 47
          - 83
          - 121
          - 115
          - 116
          - 101
          - 109
    - Utf8:
        length: 3
        bytes:
          - 111
          - 117
          - 116
    - Utf8:
        length: 21
        bytes:
          - 76
          - 106
          - 97
          - 118
          - 97
          - 47
          - 105
          - 111
          - 47
          - 80
          - 114
          - 105
          - 110
          - 116
          - 83
          - 116
          - 114
          - 101
          - 97
          - 109
          - 59
    - String:
        string_index: 14
    - Utf8:
        length: 12
        bytes:
          - 72
          - 101
          - 108
          - 108
          - 111
          - 32
          - 119
          - 111
          - 114
          - 108
          - 100
          - 33
    - MethodRef:
        class_index: 16
        name_and_type_index: 17
    - Class:
        name_index: 18
    - NameAndType:
        name_index: 19
        type_index: 20
    - Utf8:
        length: 19
        bytes:
          - 106
          - 97
          - 118
          - 97
          - 47
          - 105
          - 111
          - 47
          - 80
          - 114
          - 105
          - 110
          - 116
          - 83
          - 116
          - 114
          - 101
          - 97
          - 109
    - Utf8:
        length: 7
        bytes:
          - 112
          - 114
          - 105
          - 110
          - 116
          - 108
          - 110
    - Utf8:
        length: 21
        bytes:
          - 40
          - 76
          - 106
          - 97
          - 118
          - 97
          - 47
          - 108
          - 97
          - 110
          - 103
          - 47
          - 83
          - 116
          - 114
          - 105
          - 110
          - 103
          - 59
          - 41
          - 86
    - Class:
        name_index: 22
    - Utf8:
        length: 19
        bytes:
          - 106
          - 97
          - 118
          - 97
          - 47
          - 108
          - 97
          - 110
          - 103
          - 47
          - 69
          - 120
          - 99
          - 101
          - 112
          - 116
          - 105
          - 111
          - 110
    - String:
        string_index: 24
    - Utf8:
        length: 17
        bytes:
          - 69
          - 120
          - 97
          - 109
          - 112
          - 108
          - 101
          - 32
          - 69
          - 120
          - 99
          - 101
          - 112
          - 116
          - 105
          - 111
          - 110
    - MethodRef:
        class_index: 21
        name_and_type_index: 26
    - NameAndType:
        name_index: 5
        type_index: 20
    - Class:
        name_index: 28
    - Utf8:
        length: 5
        bytes:
          - 67
          - 108
          - 97
          - 115
          - 115
    - MethodRef:
        class_index: 27
        name_and_type_index: 3
    - FieldRef:
        class_index: 31
        name_and_type_index: 32
    - Class:
        name_index: 33
    - NameAndType:
        name_index: 34
        type_index: 35
    - Utf8:
        length: 4
        bytes:
          - 77
          - 97
          - 105
          - 110
    - Utf8:
        length: 5
        bytes:
          - 99
          - 108
          - 97
          - 122
          - 122
    - Utf8:
        length: 7
        bytes:
          - 76
          - 67
          - 108
          - 97
          - 115
          - 115
          - 59
    - FieldRef:
        class_index: 37
        name_and_type_index: 38
    - Class:
        name_index: 39
    - NameAndType:
        name_index: 40
        type_index: 41
    - Utf8:
        length: 4
        bytes:
          - 69
          - 110
          - 117
          - 109
    - Utf8:
        length: 4
        bytes:
          - 75
          - 65
          - 80
          - 73
    - Utf8:
        length: 6
        bytes:
          - 76
          - 69
          - 110
          - 117
          - 109
          - 59
    - FieldRef:
        class_index: 31
        name_and_type_index: 43
    - NameAndType:
        name_index: 44
        type_index: 41
    - Utf8:
        length: 1
        bytes:
          - 101
    - Class:
        name_index: 46
    - Utf8:
        length: 6
        bytes:
          - 82
          - 101
          - 99
          - 111
          - 114
          - 100
    - MethodRef:
        class_index: 45
        name_and_type_index: 48
    - NameAndType:
        name_index: 5
        type_index: 49
    - Utf8:
        length: 18
        bytes:
          - 40
          - 66
          - 83
          - 73
          - 70
          - 74
          - 68
          - 90
          - 76
          - 82
          - 101
          - 99
          - 111
          - 114
          - 100
          - 59
          - 41
          - 86
    - FieldRef:
        class_index: 31
        name_and_type_index: 51
    - NameAndType:
        name_index: 52
        type_index: 53
    - Utf8:
        length: 1
        bytes:
          - 114
    - Utf8:
        length: 8
        bytes:
          - 76
          - 82
          - 101
          - 99
          - 111
          - 114
          - 100
          - 59
    - Utf8:
        length: 4
        bytes:
          - 67
          - 111
          - 100
          - 101
    - Utf8:
        length: 15
        bytes:
          - 76
          - 105
          - 110
          - 101
          - 78
          - 117
          - 109
          - 98
          - 101
          - 114
          - 84
          - 97
          - 98
          - 108
          - 101
    - Utf8:
        length: 18
        bytes:
          - 76
          - 111
          - 99
          - 97
          - 108
          - 86
          - 97
          - 114
          - 105
          - 97
          - 98
          - 108
          - 101
          - 84
          - 97
          - 98
          - 108
          - 101
    - Utf8:
        length: 4
        bytes:
          - 116
          - 104
          - 105
          - 115
    - Utf8:
        length: 6
        bytes:
          - 76
          - 77
          - 97
          - 105
          - 110
          - 59
    - Utf8:
        length: 4
        bytes:
          - 109
          - 97
          - 105
          - 110
    - Utf8:
        length: 22
        bytes:
          - 40
          - 91
          - 76
          - 106
          - 97
          - 118
          - 97
          - 47
          - 108
          - 97
          - 110
          - 103
          - 47
          - 83
          - 116
          - 114
          - 105
          - 110
          - 103
          - 59
          - 41
          - 86
    - Utf8:
        length: 4
        bytes:
          - 97
          - 114
          - 103
          - 115
    - Utf8:
        length: 19
        bytes:
          - 91
          - 76
          - 106
          - 97
          - 118
          - 97
          - 47
          - 108
          - 97
          - 110
          - 103
          - 47
          - 83
          - 116
          - 114
          - 105
          - 110
          - 103
          - 59
    - Utf8:
        length: 9
        bytes:
          - 101
          - 120
          - 99
          - 101
          - 112
          - 116
          - 105
          - 111
          - 110
    - Utf8:
        length: 10
        bytes:
          - 69
          - 120
          - 99
          - 101
          - 112
          - 116
          - 105
          - 111
          - 110
          - 115
    - Utf8:
        length: 8
        bytes:
          - 60
          - 99
          - 108
          - 105
          - 110
          - 105
          - 116
          - 62
    - Utf8:
        length: 10
        bytes:
          - 83
          - 111
          - 117
          - 114
          - 99
          - 101
          - 70
          - 105
          - 108
          - 101
    - Utf8:
        length: 9
        bytes:
          - 77
          - 97
          - 105
          - 110
          - 46
          - 106
          - 97
          - 118
          - 97
access_flag: Public | Super
this_class: 31
super_class: 2
interfaces_count: 0
interfaces: []
fields_count: 3
fields:
  - access_flag: Public | Static
    name_index: 34
    descriptor_index: 35
    attribute_infos_len: 0
    attribute_infos: []
  - access_flag: Public | Static
    name_index: 44
    descriptor_index: 41
    attribute_infos_len: 0
    attribute_infos: []
  - access_flag: Public | Static
    name_index: 52
    descriptor_index: 53
    attribute_infos_len: 0
    attribute_infos: []
methods_count: 4
methods:
  - access_flag: Public
    name_index: 5
    descriptor_index: 6
    attribute_infos_len: 1
    attribute_infos:
      - attribute_name_index: 54
        attribute_len: 47
        info:
          - 0
          - 1
          - 0
          - 1
          - 0
          - 0
          - 0
          - 5
          - 42
          - 183
          - 0
          - 1
          - 177
          - 0
          - 0
          - 0
          - 2
          - 0
          - 55
          - 0
          - 0
          - 0
          - 6
          - 0
          - 1
          - 0
          - 0
          - 0
          - 1
          - 0
          - 56
          - 0
          - 0
          - 0
          - 12
          - 0
          - 1
          - 0
          - 0
          - 0
          - 5
          - 0
          - 57
          - 0
          - 58
          - 0
          - 0
        attribute: ~
  - access_flag: Public | Static
    name_index: 59
    descriptor_index: 60
    attribute_infos_len: 1
    attribute_infos:
      - attribute_name_index: 54
        attribute_len: 55
        info:
          - 0
          - 2
          - 0
          - 1
          - 0
          - 0
          - 0
          - 9
          - 178
          - 0
          - 7
          - 18
          - 13
          - 182
          - 0
          - 15
          - 177
          - 0
          - 0
          - 0
          - 2
          - 0
          - 55
          - 0
          - 0
          - 0
          - 10
          - 0
          - 2
          - 0
          - 0
          - 0
          - 7
          - 0
          - 8
          - 0
          - 8
          - 0
          - 56
          - 0
          - 0
          - 0
          - 12
          - 0
          - 1
          - 0
          - 0
          - 0
          - 9
          - 0
          - 61
          - 0
          - 62
          - 0
          - 0
        attribute: ~
  - access_flag: Public | Static
    name_index: 63
    descriptor_index: 6
    attribute_infos_len: 2
    attribute_infos:
      - attribute_name_index: 54
        attribute_len: 34
        info:
          - 0
          - 3
          - 0
          - 0
          - 0
          - 0
          - 0
          - 10
          - 187
          - 0
          - 21
          - 89
          - 18
          - 23
          - 183
          - 0
          - 25
          - 191
          - 0
          - 0
          - 0
          - 1
          - 0
          - 55
          - 0
          - 0
          - 0
          - 6
          - 0
          - 1
          - 0
          - 0
          - 0
          - 11
        attribute: ~
      - attribute_name_index: 64
        attribute_len: 4
        info:
          - 0
          - 1
          - 0
          - 21
        attribute: ~
  - access_flag: Static
    name_index: 65
    descriptor_index: 6
    attribute_infos_len: 1
    attribute_infos:
      - attribute_name_index: 54
        attribute_len: 67
        info:
          - 0
          - 12
          - 0
          - 0
          - 0
          - 0
          - 0
          - 35
          - 187
          - 0
          - 27
          - 89
          - 183
          - 0
          - 29
          - 179
          - 0
          - 30
          - 178
          - 0
          - 36
          - 179
          - 0
          - 42
          - 187
          - 0
          - 45
          - 89
          - 4
          - 4
          - 4
          - 12
          - 10
          - 15
          - 4
          - 1
          - 183
          - 0
          - 47
          - 179
          - 0
          - 50
          - 177
          - 0
          - 0
          - 0
          - 1
          - 0
          - 55
          - 0
          - 0
          - 0
          - 14
          - 0
          - 3
          - 0
          - 0
          - 0
          - 2
          - 0
          - 10
          - 0
          - 3
          - 0
          - 16
          - 0
          - 4
        attribute: ~
attributes_count: 1
attributes:
  - attribute_name_index: 66
    attribute_len: 2
    info:
      - 0
      - 67
    attribute: ~

